$ vagrant ssh web
[vagrant@web ~]$ sudo -i
[root@web ~]# date
Wed May  1 09:32:53 MSK 2024
[root@web ~]# systemctl status nginx
● nginx.service - The nginx HTTP and reverse proxy server
   Loaded: loaded (/usr/lib/systemd/system/nginx.service; enabled; vendor preset: disabled)
   Active: active (running) since Wed 2024-05-01 09:29:48 MSK; 17min ago
 Main PID: 689 (nginx)
   CGroup: /system.slice/nginx.service
           ├─689 nginx: master process /usr/sbin/nginx
           └─691 nginx: worker process

May 01 09:29:45 web systemd[1]: Starting The nginx HTTP and reverse proxy server...
May 01 09:29:47 web nginx[645]: nginx: the configuration file /etc/nginx/nginx.conf syntax is ok
May 01 09:29:47 web nginx[645]: nginx: configuration file /etc/nginx/nginx.conf test is successful
May 01 09:29:48 web systemd[1]: Started The nginx HTTP and reverse proxy server.
[root@web ~]# ss -tln | grep 80
LISTEN     0      128          *:80                       *:*
LISTEN     0      128       [::]:80                    [::]:*
[root@web ~]# nginx -v
nginx version: nginx/1.20.1
[root@web ~]# vi /etc/nginx/nginx.conf
[root@web ~]# cat /etc/nginx/nginx.conf
# For more information on configuration, see:
#   * Official English Documentation: http://nginx.org/en/docs/
#   * Official Russian Documentation: http://nginx.org/ru/docs/

user nginx;
worker_processes auto;
error_log /var/log/nginx/error.log;
pid /run/nginx.pid;

# Load dynamic modules. See /usr/share/doc/nginx/README.dynamic.
include /usr/share/nginx/modules/*.conf;

events {
    worker_connections 1024;
}

http {
    log_format  main  '$remote_addr - $remote_user [$time_local] "$request" '
                      '$status $body_bytes_sent "$http_referer" '
                      '"$http_user_agent" "$http_x_forwarded_for"';

    access_log syslog:server=192.168.10.23:514,tag=nginx_access main;
    error_log syslog:server=192.168.10.23:514,tag=nginx_error notice;
    access_log syslog:server=192.168.10.24:514,tag=nginx_access main;
    error_log syslog:server=192.168.10.24:514,tag=nginx_error notice;

    error_log /var/log/nginx/error.log crit;

    sendfile            on;
    tcp_nopush          on;
    tcp_nodelay         on;
    keepalive_timeout   65;
    types_hash_max_size 2048;

    include             /etc/nginx/mime.types;
    default_type        application/octet-stream;

    # Load modular configuration files from the /etc/nginx/conf.d directory.
    # See http://nginx.org/en/docs/ngx_core_module.html#include
    # for more information.
    include /etc/nginx/conf.d/*.conf;

    server {
        listen       80 default_server;
        listen       [::]:80 default_server;
        server_name  _;
        root         /usr/share/nginx/html;

        # Load configuration files for the default server block.
        include /etc/nginx/default.d/*.conf;

        location / {
        }

        error_page 404 /404.html;
            location = /40x.html {
        }

        error_page 500 502 503 504 /50x.html;
            location = /50x.html {
        }
    }

# Settings for a TLS enabled server.
#
#    server {
#        listen       443 ssl http2 default_server;
#        listen       [::]:443 ssl http2 default_server;
#        server_name  _;
#        root         /usr/share/nginx/html;
#
#        ssl_certificate "/etc/pki/nginx/server.crt";
#        ssl_certificate_key "/etc/pki/nginx/private/server.key";
#        ssl_session_cache shared:SSL:1m;
#        ssl_session_timeout  10m;
#        ssl_ciphers HIGH:!aNULL:!MD5;
#        ssl_prefer_server_ciphers on;
#
#        # Load configuration files for the default server block.
#        include /etc/nginx/default.d/*.conf;
#
#        location / {
#        }
#
#        error_page 404 /404.html;
#            location = /40x.html {
#        }
#
#        error_page 500 502 503 504 /50x.html;
#            location = /50x.html {
#        }
#    }

}

[root@web ~]# nginx -t
nginx: the configuration file /etc/nginx/nginx.conf syntax is ok
nginx: configuration file /etc/nginx/nginx.conf test is successful
[root@web ~]# systemctl restart nginx
[root@web ~]# 